


---------------------------------------------------------------------------
  DESIGN RULE CHECK            Wed Oct 23 23:49:16 1991          PAGE  1
  LORAN TIMING RECEIVER  100-0001-001  REV 1E    18 SEPT 1991        
---------------------------------------------------------------------------



FLOATING INPUTS:
     NONE FOUND

NETS WITH NO DRIVING SOURCE:
     NONE FOUND

NETS WITH MULTIPLE DRIVING SOURCES:
     %NC           IC301-X5/04    IC304-I10/04   IC304-I11/04   IC304-I12/04   
                   IC304-I13/04   IC304-O9/04    IC305-I1/04    IC305-I2/04    
                   IC305-I3/04    IC305-I4/04    IC305-I5/04    T102-XS2/03    
                   X201-O9/02     

NETS WITH MORE THAN ONE LABEL:
     NONE FOUND

NETS WITH A SINGLE PIN:
     NONE FOUND

REFERENCE DESIGNATORS USED TWO OR MORE TIMES:
     NONE FOUND



---------------------------------------------------------------------------
  REPORT  REF. DES.            Wed Oct 23 23:49:17 1991          PAGE  1
  LORAN TIMING RECEIVER  100-0001-001  REV 1E    18 SEPT 1991        
---------------------------------------------------------------------------


C101                DCAP                A/03
C102                DCAP                A/03
C103                DCAP                A/03
C104                DCAP                A/03
C105                DCAP                A/03
C106                DCAPE               A/03
C107                DCAP                A/03
C108                DCAP                A/03
C109                DCAP                A/03
C110                DCAPE               A/03
C111                DCAP                A/03
C112                DCAP                A/03
C201                DCAP                A/02
C202                DCAP                A/02
C203                DCAP                A/02
C204                DCAP                A/02
C205                DCAP                A/02
C206                DCAPE               A/02
C207                DCAP                A/02
C208                DCAP                A/02
C209                DCAP                A/02
C210                DCAP                A/02
C211                DCAP                A/02
C212                DCAPE               A/02
C213                DCAP                A/02
C214                DCAP                A/02
C215                DCAP                A/02
C216                DCAP                A/02
C217                DCAP                A/02
C218                DCAP                A/02
C219                DCAP                A/02
C220                DCAPE               A/02
C221                DCAP                A/02
C222                DCAP                A/02
C223                DCAP                A/02
C224                DCAP                A/02
C225                DCAPE               A/02
C226                DCAP                A/02
C227                DCAP                A/02
C228                DCAP                A/02
C301                DCAP                A/04
C302                DCAP                A/04
C303                DCAPE               A/04
C304                DCAPE               A/04
C305                DCAP                A/04
C306                DCAP                A/05
C307                DCAP                A/05
C308                DCAP                A/05



---------------------------------------------------------------------------
  REPORT  REF. DES.            Wed Oct 23 23:49:17 1991          PAGE  2
  LORAN TIMING RECEIVER  100-0001-001  REV 1E    18 SEPT 1991        
---------------------------------------------------------------------------


C309                DCAP                A/05
C310                DCAP                A/05
C311                DCAP                A/05
C312                DCAP                A/05
C313                DCAP                A/05
C314                DCAP                A/05
C315                DCAP                A/05
C316                DCAP                A/05
C317                DCAPE               A/05
C318                DCAPE               A/05
C319                DCAPE               A/05
D101                DDIODE              A/03
D102                DDIODE              A/03
D201                DDIODE              A/02
D202                DDIODE              A/02
D203                DZENER              A/02
F1                  FUSE                A/04
IC201               MC1590G             A/02
IC202               ADG509A             A/02
IC203               MC1590G             A/02
IC204               LM7808              A/02
IC205               MC1590G             A/02
IC206               ADG509A             A/02
IC207A              LM324               A/02
IC207B              LM324               B/02
IC207C              LM324               C/02
IC207D              LM324               D/02
IC208               ADG509A             A/02
IC301               AM9513A             A/04
IC302               74LS166             A/04
IC303               74LS273             A/04
IC304               74LS153             A/04
IC305               ADC0809             A/04
IC306               74LS245             A/04
IC307               AD7528              A/04
IC308A              LM324               A/04
IC308B              LM324               B/04
IC309A              74LS74              A/04
IC309B              74LS74              B/05
IC310               PAL20L8             A/05
IC311               PAL20L8             A/05
IC312A              74LS125             A/05
IC312B              74LS125             B/05
IC312C              74LS125             C/05
IC312D              74LS125             D/05
IC313A              74LS74              A/05
IC313B              74LS74              B/05
IC314A              74LS04              A/05
IC314B              74LS04              B/05



---------------------------------------------------------------------------
  REPORT  REF. DES.            Wed Oct 23 23:49:17 1991          PAGE  3
  LORAN TIMING RECEIVER  100-0001-001  REV 1E    18 SEPT 1991        
---------------------------------------------------------------------------


IC314C              74LS04              C/05
IC314D              74LS04              D/05
J101                DBNC                A/03
J201                DBNC                A/03
J202                ^^CONN              A/02,A/02,A/02,A/02,A/02,A/02,A/02
                                        A/02,A/02,A/02,A/02,A/02,A/02,A/02
                                        A/02,A/02,A/02
J203                DBNC                A/02
J204                DBNC                A/02
J205                DBNC                A/02
J206                DBNC                A/02
J301                ^^CONN              A/04,A/04,A/04,A/04,A/04,A/04,A/04
                                        A/04,A/04,A/04,A/04,A/04,A/04,A/04
                                        A/04,A/04,A/04
J302                DBNC                A/04
J303                DBNC                A/04
J31A                ^^CONN              A/05,A/05,A/05,A/05,A/05,A/05,A/05
                                        A/05,A/04,A/04,A/04,A/04,A/04,A/04
                                        A/04,A/04,A/05,A/05,A/05
J31B                ^^CONN              A/05,A/05,A/05,A/05,A/05,A/05,A/05
                                        A/05,A/05,A/05,A/05,A/05,A/05,A/05
                                        A/05
L101                DINDC               A/03
L102                DIND                A/03
L201                DIND                A/02
L202                DIND                A/02
L203                DIND                A/02
L204                DIND                A/02
L205                DIND                A/02
Q101                40673               A/03
Q102                40673               A/03
Q103                MPF102              A/03
R101                DRES                A/03
R102                DRES                A/03
R103                DRES                A/03
R104                DRES                A/03
R105                DRES                A/03
R106                DRES                A/03
R107                DRES                A/03
R201                DRES                A/02
R202                DRES                A/02
R203                DRES                A/02
R204                DRES                A/02
R205                DRES                A/02
R206                DRES                A/02
R207                DRES                A/02
R208                DRES                A/02
R209                DRES                A/02
R210                DRES                A/02



---------------------------------------------------------------------------
  REPORT  REF. DES.            Wed Oct 23 23:49:18 1991          PAGE  4
  LORAN TIMING RECEIVER  100-0001-001  REV 1E    18 SEPT 1991        
---------------------------------------------------------------------------


R211                DRES                A/02
R212                DRES                A/02
R213                DRES                A/02
R214                DRES                A/02
R215                DRES                A/02
R216                DRES                A/02
R217                DRES                A/02
R218                DRES                A/02
R219                DRES                A/02
R220                DRES                A/02
R221                DRES                A/02
R223                DRES                A/02
R301                DRES                A/04
R302                DRES                A/04
R303                DPOT                A/04
R304                DPOT                A/04
R305                DRES                A/04
R306                DPOT                A/04
R307                DPOT                A/04
R308                DRES                A/04
R309                DPOT                A/04
R310                DRES                A/04
R311                DRES                A/04
R312                DRES                A/05
S201A               DSPDT               A/03
S201B               DSPDT               A/03
S301                DDPSW6              A/05
T101                DXFMR3              A/03
T102                DXFMR3              A/03
T201                DXFMR3              A/02
X201                VCXO                A/02



---------------------------------------------------------------------------
  REPORT LABEL                 Wed Oct 23 23:49:18 1991          PAGE  1
  LORAN TIMING RECEIVER  100-0001-001  REV 1E    18 SEPT 1991        
---------------------------------------------------------------------------


+12              04,05
+5               04,05
12A              02,04
5MHZ             02,04
A0               05
A0_              04,05
A1               05
A2               05
A3               05
A4               05
A5               05
A6               05
A7               05
A8               05
A9               05
ADC              05
AEN              05
AGC              02,04
AGND             02,03,04
ALE              04,05
BD0              04,05
BD1              04
BD2              04
BD3              04
BD4              04
BD5              04
BD6              04
BD7              04,05
CGND             02,03,04
CLR_             04,05
CODE             02,04
D0               04
D1               04
D2               04
D3               04
D4               04
D5               04
D6               04
D7               04
ENB              05
ENB1             02,04
ENB5             04,05
ENG              04,05
EOC              04,05
G0               02,04
G1               02,04
GND              02,04,05
GRI              04,05



---------------------------------------------------------------------------
  REPORT LABEL                 Wed Oct 23 23:49:18 1991          PAGE  2
  LORAN TIMING RECEIVER  100-0001-001  REV 1E    18 SEPT 1991        
---------------------------------------------------------------------------


IE               04,05
IN               04
INT_             05
IOR_             05
IOW_             05
IRQ2             05
IRQ3             05
IRQ4             05
IRQ5             05
IRQ6             05
IRQ7             05
LH               04,05
NC               02,03,04
OE               04,05
OE_              05
OUT              04
P0               02,04,05
P1               02,04
PAR              04,05
PAR6             04,05
PCI              02,04,05
PCX              04,05
PLA              05
PLX              04,05
PLY              04,05
PRE              02,03
RD_              04,05
RST              05
S0               02,04
S1               02,04
S2               02,04
STB              04,05
STRT             04,05
TG_              04,05
VCC              02,03,04
VCO              02,04
WDA_             04,05
WR_              04,05



---------------------------------------------------------------------------
  WIRE LIST                    Wed Oct 23 23:49:18 1991          PAGE  1
  LORAN TIMING RECEIVER  100-0001-001  REV 1E    18 SEPT 1991        
---------------------------------------------------------------------------


1        +12            C317-T         F1-1           J31B-9         

2        +5             C306-T         C307-T         C308-T         
                        C309-T         C310-T         C311-T         
                        C312-T         C313-T         C314-T         
                        C315-T         C316-T         C318-T         
                        C319-T         IC301-1        IC302-16       
                        IC303-20       IC304-16       IC305-11       
                        IC306-20       IC307-17       IC309A-14      
                        IC309B-14      IC310-24       IC311-24       
                        IC312A-14      IC312B-14      IC312C-14      
                        IC312D-14      IC313A-14      IC313B-14      
                        IC314A-14      IC314B-14      IC314C-14      
                        IC314D-14      J31B-29        J31B-3         
                        R302-L         R312-T         

3        02009030       C218-T         IC205-2        R207-B         

4        02013019       C213-T         C217-T         IC203-5        
                        L205-T         

5        02013027       C217-B         IC205-3        

6        02013034       C219-T         IC205-1        

7        02014007       C202-L         L202-R         

8        02016009       C202-R         C203-T         C204-L         
                        L203-T         R201-T         

9        02017020       C215-L         IC206-11       IC206-12       
                        IC206-4        IC206-5        R208-L         
                        T201-S1        

10       02018053       D203-C         R223-T         X201-3         

11       02020032       C221-T         IC205-5        R211-T         
                        T201-P1        

12       02020034       C220-T         C221-B         C222-T         
                        IC205-6        IC205-7        R211-B         
                        R212-T         T201-P2        

13       02021025       D201-A         IC207C-9       R208-R         
                        R209-L         

14       02022024       C225-T         C226-T         IC207A-3       
                        IC207B-5       IC207C-10      R213-R         
                        R214-T         T201-S2        




---------------------------------------------------------------------------
  WIRE LIST                    Wed Oct 23 23:49:18 1991          PAGE  2
  LORAN TIMING RECEIVER  100-0001-001  REV 1E    18 SEPT 1991        
---------------------------------------------------------------------------


15       02026007       C204-R         IC201-3        

16       02026009       C205-T         IC201-1        

17       02027026       D201-C         D202-A         IC207C-8       

18       02030024       C216-T         D202-C         IC207D-12      
                        R210-B         

19       02030035       IC206-10       IC206-13       IC206-6        
                        IC206-7        T201-S3        

20       02034007       C207-T         IC201-5        IC202-13       
                        IC202-5        L204-T         

21       02034009       C206-T         C207-B         C208-T         
                        IC201-6        IC201-7        IC202-10       
                        IC202-11       IC202-12       IC202-4        
                        IC202-6        IC202-7        L204-B         
                        R202-T         

22       02035036       IC206-8        R219-R         R220-R         
                        R221-R         

23       02041039       IC206-2        R215-L         

24       02043036       IC206-9        R216-L         R217-L         
                        R218-L         

25       02046010       C209-L         IC202-8        

26       02047028       C227-B         IC207A-2       IC208-8        

27       02047049       C228-B         IC207B-6       IC208-9        

28       02052013       IC202-2        R203-L         

29       02052032       IC208-4        R216-R         

30       02052034       IC208-5        R217-R         

31       02052037       IC208-6        R218-R         

32       02054010       C210-L         IC202-9        

33       02058008       C210-R         IC203-3        

34       02058015       C209-R         IC203-1        

35       02060010       C211-L         IC203-2        R204-T         




---------------------------------------------------------------------------
  WIRE LIST                    Wed Oct 23 23:49:18 1991          PAGE  3
  LORAN TIMING RECEIVER  100-0001-001  REV 1E    18 SEPT 1991        
---------------------------------------------------------------------------


36       02061032       IC208-13       R219-L         

37       02061036       IC208-12       R220-L         

38       02061037       IC208-11       R221-L         

39       02067009       C212-T         C213-B         C214-T         
                        IC203-6        IC203-7        L205-B         
                        R205-T         

40       02071022       C215-R         R206-L         

41       02075022       J206-C         R206-R         

42       03022034       C101-T         L101-T         Q101-G2        

43       03022039       C101-B         L101-B         Q102-G2        

44       03023012       J201-C         S201A-L1       

45       03028012       C107-T         D101-A         D102-C         
                        L102-L         S201A-R1       

46       03028013       S201A-R2       T102-P1        T102-S3        

47       03032033       C102-T         Q101-G1        Q102-G1        
                        R101-T         R102-L         

48       03037032       C104-T         Q101-D         R104-T         
                        T101-S1        

49       03037035       C103-T         Q101-S         Q102-S         
                        R103-T         

50       03037037       C104-B         Q102-D         R104-B         
                        T101-S3        

51       03038021       C110-T         C111-T         R107-L         
                        T102-P2        

52       03040045       C105-T         C106-T         R102-R         
                        T101-P2        T101-S2        

53       03042012       C108-T         L102-R         Q103-G         
                        R105-T         

54       03042019       C112-T         S201B-L2       T102-S1        

55       03049013       Q103-S         R106-T         S201B-L1       




---------------------------------------------------------------------------
  WIRE LIST                    Wed Oct 23 23:49:18 1991          PAGE  4
  LORAN TIMING RECEIVER  100-0001-001  REV 1E    18 SEPT 1991        
---------------------------------------------------------------------------


56       03057015       C109-L         S201B-R1       

57       04015006       IC301-20       IC301-22       IC301-23       
                        IC301-24       IC301-25       IC301-26       
                        IC301-27       IC301-28       R302-R         

58       04019053       C303-R         IC305-12       R303-W         

59       04025020       IC301-37       IC301-6        

60       04025053       IC305-13       IC305-ND       

61       04035053       C304-T         IC307-1        IC308A-3       
                        IC308B-5       R310-L         R311-T         

62       04043046       IC307-3        R306-L         R306-W         

63       04043047       C301-T         IC307-2        IC308A-2       
                        R305-B         

64       04043049       IC307-19       R309-L         R309-W         

65       04043050       C302-T         IC307-20       IC308B-6       
                        R308-B         

66       04056013       IC303-9        IC304-2        

67       04056014       IC303-6        IC304-14       

68       04057039       R304-W         R305-T         

69       04057047       R307-W         R308-T         

70       04059030       IC309A-2       IC309A-6       

71       05044009       IC312B-5       R312-B         

72       05044024       IC312A-1       IC314B-4       

73       05052017       IC309B-9       IC312A-2       IC312C-9       

74       05053028       IC312D-12      IC314A-2       

75       05060017       IC312A-3       S301-1         S301-2         
                        S301-3         S301-4         S301-5         
                        S301-6         

76       12A            C223-T         F1-2           IC204-1        
                        J202-8         J301-8         R223-B         



---------------------------------------------------------------------------
  WIRE LIST                    Wed Oct 23 23:49:19 1991          PAGE  5
  LORAN TIMING RECEIVER  100-0001-001  REV 1E    18 SEPT 1991        
---------------------------------------------------------------------------


                        X201-5         

77       5MHZ           IC301-33       J202-20        J203-C         
                        J301-20        X201-1         

78       A0             IC314C-5       J31A-31        

79       A0_            IC301-8        IC307-6        IC310-1        
                        IC314C-6       

80       A1             IC310-2        J31A-30        

81       A2             IC310-3        J31A-29        

82       A3             IC310-4        J31A-28        

83       A4             IC310-5        J31A-27        

84       A5             IC310-6        J31A-26        

85       A6             IC310-7        J31A-25        

86       A7             IC310-8        J31A-24        

87       A8             IC310-9        J31A-23        

88       A9             IC310-10       J31A-22        

89       ADC            IC310-20       IC311-4        

90       AEN            IC311-10       J31A-11        

91       AGC            C301-B         IC308A-1       J202-15        
                        J301-15        R210-T         R306-R         

92       AGND           C102-B         C103-B         C105-B         
                        C106-B         C107-B         C108-B         
                        C110-B         C111-B         C112-B         
                        C201-B         C203-B         C205-B         
                        C206-B         C208-B         C211-R         
                        C212-B         C214-B         C216-B         
                        C218-B         C219-B         C220-B         
                        C222-B         C223-B         C224-B         
                        C225-B         C226-B         C303-L         
                        C304-B         C305-B         D101-C         
                        D102-A         D203-A         IC201-2        
                        IC201-4        IC201-8        IC202-14       
                        IC203-4        IC203-8        IC204-2        
                        IC205-4        IC205-8        IC206-14       



---------------------------------------------------------------------------
  WIRE LIST                    Wed Oct 23 23:49:19 1991          PAGE  6
  LORAN TIMING RECEIVER  100-0001-001  REV 1E    18 SEPT 1991        
---------------------------------------------------------------------------


                        IC207A-11      IC207B-11      IC207C-11      
                        IC207D-11      IC208-14       IC305-16       
                        IC308A-11      IC308B-11      J202-10        
                        J301-10        L101-C         L201-B         
                        L203-B         R101-B         R103-B         
                        R105-B         R106-B         R201-B         
                        R214-B         R303-L         R304-L         
                        R307-L         R311-B         X201-2         
                        X201-4         X201-6         

93       ALE            IC305-22       IC310-19       

94       BD0            IC301-12       IC302-2        IC303-3        
                        IC305-17       IC305-25       IC306-18       
                        IC307-14       IC312D-11      

95       BD1            IC301-13       IC302-3        IC303-4        
                        IC305-14       IC305-24       IC306-17       
                        IC307-13       

96       BD2            IC301-14       IC302-4        IC303-7        
                        IC305-15       IC305-23       IC306-16       
                        IC307-12       

97       BD3            IC301-15       IC302-5        IC303-8        
                        IC305-8        IC306-15       IC307-11       

98       BD4            IC301-16       IC302-10       IC303-13       
                        IC305-18       IC306-14       IC307-10       

99       BD5            IC301-17       IC302-11       IC303-14       
                        IC305-19       IC306-13       IC307-9        

100      BD6            IC301-18       IC302-12       IC303-17       
                        IC305-20       IC306-12       IC307-8        

101      BD7            IC301-19       IC302-14       IC303-18       
                        IC305-21       IC306-11       IC307-7        
                        IC312C-8       

102      CGND           J101-S         J201-S         J203-S         
                        J204-S         J205-S         J206-S         
                        J302-S         J303-S         

103      CLR_           IC302-9        IC303-1        IC309A-1       
                        IC311-15       IC313A-1       IC313B-13      

104      CODE           IC202-1        IC302-1        IC302-13       
                        J202-6         J301-6         




---------------------------------------------------------------------------
  WIRE LIST                    Wed Oct 23 23:49:19 1991          PAGE  7
  LORAN TIMING RECEIVER  100-0001-001  REV 1E    18 SEPT 1991        
---------------------------------------------------------------------------


105      D0             IC306-2        J31A-9         

106      D1             IC306-3        J31A-8         

107      D2             IC306-4        J31A-7         

108      D3             IC306-5        J31A-6         

109      D4             IC306-6        J31A-5         

110      D5             IC306-7        J31A-4         

111      D6             IC306-8        J31A-3         

112      D7             IC306-9        J31A-2         

113      ENB            IC310-16       IC311-1        

114      ENB1           IC208-2        IC304-7        J202-23        
                        J204-C         J301-23        

115      ENB5           IC301-34       IC313A-5       

116      ENG            IC303-19       IC311-2        

117      EOC            IC305-7        IC309B-11      IC314A-1       

118      G0             IC208-1        IC303-2        J202-24        
                        J301-24        

119      G1             IC208-16       IC303-5        J202-25        
                        J301-25        

120      GND            C306-B         C307-B         C308-B         
                        C309-B         C310-B         C311-B         
                        C312-B         C313-B         C314-B         
                        C315-B         C316-B         C317-B         
                        C318-B         C319-B         IC301-21       
                        IC302-8        IC303-10       IC304-1        
                        IC304-15       IC304-8        IC306-10       
                        IC306-19       IC307-15       IC307-5        
                        IC309A-7       IC309B-7       IC310-12       
                        IC310-14       IC310-23       IC311-12       
                        IC311-13       IC311-14       IC311-23       
                        IC312A-7       IC312B-4       IC312B-7       
                        IC312C-7       IC312D-7       IC313A-7       
                        IC313B-7       IC314A-7       IC314B-7       
                        IC314C-7       IC314D-7       J202-11        
                        J301-11        J31B-1         J31B-10        



---------------------------------------------------------------------------
  WIRE LIST                    Wed Oct 23 23:49:19 1991          PAGE  8
  LORAN TIMING RECEIVER  100-0001-001  REV 1E    18 SEPT 1991        
---------------------------------------------------------------------------


                        J31B-31        R301-B         

121      GRI            IC301-2        IC301-36       IC304-5        
                        IC311-3        

122      IE             IC303-15       IC314B-3       

123      IN             IC301-29       IC301-4        J302-C         
                        R301-T         

124      INT_           IC311-22       IC312C-10      IC312D-13      

125      IOR_           IC311-8        J31B-14        

126      IOW_           IC311-9        J31B-13        

127      IRQ2           J31B-4         S301-7         

128      IRQ3           J31B-25        S301-8         

129      IRQ4           J31B-24        S301-9         

130      IRQ5           J31B-23        S301-10        

131      IRQ6           J31B-22        S301-11        

132      IRQ7           J31B-21        S301-12        

133      LH             IC304-6        IC309A-4       IC309B-10      
                        IC309B-12      IC312B-6       IC313A-4       
                        IC313B-10      

134      NC             IC301-5        IC304-10       IC304-11       
                        IC304-12       IC304-13       IC304-9        
                        IC305-1        IC305-2        IC305-3        
                        IC305-4        IC305-5        T102-S2        
                        X201-9         

135      OE             IC305-9        IC314D-8       

136      OE_            IC309B-13      IC310-18       IC314D-9       

137      OUT            IC301-7        J303-C         

138      P0             IC206-1        IC301-3        IC305-10       
                        IC309A-3       IC313B-11      J202-22        
                        J301-22        

139      P1             IC206-16       IC301-32       IC309A-5       



---------------------------------------------------------------------------
  WIRE LIST                    Wed Oct 23 23:49:20 1991          PAGE  9
  LORAN TIMING RECEIVER  100-0001-001  REV 1E    18 SEPT 1991        
---------------------------------------------------------------------------


                        J202-21        J301-21        

140      PAR            IC303-11       IC310-22       

141      PAR6           IC303-16       IC313A-2       

142      PCI            IC202-16       IC301-35       IC304-4        
                        IC311-21       J202-18        J205-C         
                        J301-18        

143      PCX            IC301-40       IC311-6        IC313B-12      

144      PLA            IC310-15       IC311-5        

145      PLX            IC302-6        IC302-7        IC311-20       

146      PLY            IC302-15       IC311-11       IC313B-9       

147      PRE            C109-R         C201-T         J101-C         
                        L201-T         L202-L         T101-P1        

148      RD_            IC301-11       IC306-1        IC310-13       
                        IC311-17       

149      RST            IC311-7        J31B-2         

150      S0             C227-T         IC207A-1       IC208-7        
                        IC305-26       J202-13        J301-13        

151      S1             C228-T         IC207B-7       IC208-10       
                        IC305-27       J202-12        J301-12        

152      S2             IC207D-13      IC207D-14      IC305-28       
                        J202-7         J301-7         R204-B         
                        R207-T         R209-R         

153      STB            IC301-38       IC304-3        IC313A-3       

154      STRT           IC305-6        IC311-18       

155      TG_            IC301-10       IC310-17       

156      VCC            C224-T         C305-T         IC202-3        
                        IC204-3        IC206-3        IC207A-4       
                        IC207B-4       IC207C-4       IC207D-4       
                        IC208-3        IC307-18       IC307-4        
                        IC308A-4       IC308B-4       J202-9         
                        J301-9         Q103-D         R107-R         
                        R202-B         R203-R         R205-B         



---------------------------------------------------------------------------
  WIRE LIST                    Wed Oct 23 23:49:20 1991          PAGE  10
  LORAN TIMING RECEIVER  100-0001-001  REV 1E    18 SEPT 1991        
---------------------------------------------------------------------------


                        R212-B         R213-L         R215-R         
                        R303-R         R304-R         R307-R         
                        R310-R         

157      VCO            C302-B         IC308B-7       J202-16        
                        J301-16        R309-R         X201-8         

158      WDA_           IC307-16       IC310-21       

159      WR_            IC301-9        IC310-11       IC311-16       




---------------------------------------------------------------------------------------------------------------
BILL OF MATERIALS    XYZ COMPUTER CORP.   LORAN       150-0001-001 REV 1A Wed Oct 23 23:49:20 1991    PAGE   1
---------------------------------------------------------------------------------------------------------------


     ITEM   QUAN.    PART NUMBER           DESCRIPTION                                        REF. DES.        

       1       2                  CAPACITOR,.011U,                                            C201,C203       

       2       1                  CAPACITOR,1.2N,                                             C104            

       3      18                  CAPACITOR,100N,                                             C102,C105,C109  
                                                                                              C111,C204,C205
                                                                                              C208,C209,C210
                                                                                              C211,C214,C217
                                                                                              C218,C219,C222
                                                                                              C224,C226,C305

       4       1                  CAPACITOR,100P,                                             C215            

       5       8                  CAPACITOR,10U                                               C106,C110,C206  
                                                                                              C212,C220,C317
                                                                                              C318,C319

       6       1                  CAPACITOR,1N,                                               C107            

       7       2                  CAPACITOR,1U,                                               C103,C216       

       8       3                  CAPACITOR,20U                                               C225,C303,C304  

       9       2                  CAPACITOR,3.6N,                                             C227,C228       

      10       1                  CAPACITOR,330N,                                             C223            

      11       1                  CAPACITOR,330P,                                             C101            

      12       1                  CAPACITOR,4.3N,                                             C213            

      13       1                  CAPACITOR,470P,                                             C202            

      14       1                  CAPACITOR,5.1N,                                             C221            

      15       1                  CAPACITOR,5.6N,                                             C207            

      16      11                  CAPACITOR,50N,                                              C306,C307,C308  
                                                                                              C309,C310,C311
                                                                                              C312,C313,C314
                                                                                              C315,C316

      17       2                  CAPACITOR,50P,                                              C301,C302       

      18       1                  CAPACITOR,510P,                                             C108            

      19       1                  CAPACITOR,560P,                                             C112            

      20       4                  DIODE, 1N4148                                               D101,D102,D201  


---------------------------------------------------------------------------------------------------------------
BILL OF MATERIALS    XYZ COMPUTER CORP.   LORAN       150-0001-001 REV 1A Wed Oct 23 23:49:20 1991    PAGE   2
---------------------------------------------------------------------------------------------------------------


     ITEM   QUAN.    PART NUMBER           DESCRIPTION                                        REF. DES.        

                                                                                              D202

      21       2                  INDUCTOR, 230U                                              L201,L203       

      22       1                  INDUCTOR, 4.6M                                              L102            

      23       1                  INDUCTOR, 450U                                              L205            

      24       1                  INDUCTOR, 5.4M                                              L202            

      25       1                  INDUCTOR, 630U                                              L204            

      26       1                  INDUCTOR, ANT                                               L101            

      27       2                  POTENTIOMETER, 100K                                         R304,R307       

      28       3                  POTENTIOMETER, 10K                                          R303,R306,R309  

      29       1                  RESISTOR,100,                                               R107            

      30       4                  RESISTOR,100K,                                              R102,R301,R305  
                                                                                              R308

      31       5                  RESISTOR,10K,                                               R203,R208,R215  
                                                                                              R216,R219

      32       1                  RESISTOR,150,                                               R202            

      33       2                  RESISTOR,1K,                                                R106,R211       

      34       1                  RESISTOR,1M,                                                R210            

      35       4                  RESISTOR,2.2K,                                              R104,R206,R310  
                                                                                              R311

      36       1                  RESISTOR,270,                                               R103            

      37       2                  RESISTOR,270K,                                              R218,R221       

      38       2                  RESISTOR,3.3K,                                              R302,R312       

      39       2                  RESISTOR,33K,                                               R101,R209       

      40       2                  RESISTOR,4.7K,                                              R213,R214       

      41       2                  RESISTOR,5.6K,                                              R204,R207       

      42       2                  RESISTOR,56,                                                R205,R212       



---------------------------------------------------------------------------------------------------------------
BILL OF MATERIALS    XYZ COMPUTER CORP.   LORAN       150-0001-001 REV 1A Wed Oct 23 23:49:20 1991    PAGE   3
---------------------------------------------------------------------------------------------------------------


     ITEM   QUAN.    PART NUMBER           DESCRIPTION                                        REF. DES.        

      43       1                  RESISTOR,560,                                               R223            

      44       1                  RESISTOR,6.8K,                                              R105            

      45       1                  RESISTOR,680,                                               R201            

      46       2                  RESISTOR,75K,                                               R217,R220       

      47       1                  SWITCH DIP-6                                                S301            

      48       2                  SWITCH, SPDT                                                S201A,S201B     

      49       3                  TRANSFORMER, 100KHZ                                         T101,T102,T201  

      50       1                  ZENER, 1N751                                                D203            

      51       4    001-0001-001  CONNECTOR                                                   J202,J301,J31A  
                                                                                              J31B

      52       8    010-0002-001  CONNECTOR, BNC CHASSIS                                      J101,J201,J203  
                                                                                              J204,J205,J206
                                                                                              J302,J303

      53       1    200-0102-001  MPF102 - N-CHANNEL, AMPLIFIER JFET                          Q103            

      54       2    200-0673-001  40673 - DUAL-GATE, AMPLIFIER MOSFET                         Q101,Q102       

      55       4    300-0004-001  74LS04 - LS TTL HEX INVERTER                                IC314A,IC314B   
                                                                                              IC314C,IC314D

      56       4    300-0074-001  74LS74 - LS TTL DUAL D-TYPE POSITIVE-EDGE FLIP-FLOPS        IC309A,IC309B   
                                                                                              IC313A,IC313B

      57       4    300-0125-001  74LS125 - LS TTL QUADRUPLE BUS DRIVER WITH TS OUTPUTS       IC312A,IC312B   
                                                                                              IC312C,IC312D

      58       1    300-0153-001  74LS153 - LS TTL DUAL 4 TO 1 SELECTOR                       IC304           

      59       1    300-0166-001  74LS166 - LS TTL 8 BIT PARALLEL TO SERIAL SHIFT REG.        IC302           

      60       1    300-0245-001  74LS245 - LS TTL OCTAL BUS TRANSCEIVER WITH TS OUT          IC306           

      61       1    300-0273-001  74LS273 - LS TTL OCTAL D FLIP-FLOP WITH CLEAR               IC303           

      62       1    300-9513-001  AM9513A - SYSTEM TIMING CONTROLLER                          IC301           

      63       1    302-0000-001  FUSE,1A                                                     F1              

      64       6    302-0324-001  LM324A - LOW POWER QUAD OP-AMP                              IC207A,IC207B   


---------------------------------------------------------------------------------------------------------------
BILL OF MATERIALS    XYZ COMPUTER CORP.   LORAN       150-0001-001 REV 1A Wed Oct 23 23:49:20 1991    PAGE   4
---------------------------------------------------------------------------------------------------------------


     ITEM   QUAN.    PART NUMBER           DESCRIPTION                                        REF. DES.        

                                                                                              IC207C,IC207D
                                                                                              IC308A,IC308B

      65       3    302-0509-001  ADG509A - ANALOG SWITCH, DPDT                               IC202,IC206     
                                                                                              IC208

      66       1    302-7808-001  LM7808C - VOLTAGE REGULATOR, +8VDC                          IC204           

      67       1    306-0809-001  0809 - 8 BIT ADC W/8 CH. MULTIPLEXER                        IC305           

      68       1    306-7528-001  AD7528 - DUAL DIGITAL/ANALOG CONVERTER                      IC307           

      69       2    310-0008-001  PAL20L8 - PROGRAM ARRAY LOGIC                               IC310,IC311     

      70       3    310-1590-001  MC1590G - WIDEBAND AMPLIFIER WITH AGC                       IC201,IC203     
                                                                                              IC205

      71       1    400-VCXO-001  VCXO - VOLTAGE-CONTROLLED CRYSTAL OSCILLATOR                X201            

                                                                                                                                                                                                                                                                