RT-11 LINK  V08.04 	Load Map 	Tuesday 01-Oct-85 05:23  Page 1
MAP   .SAV   	Title:	.MAIN.	Ident:	FORV02	

Section  Addr	Size	Global	Value	Global	Value	Global	Value

 . ABS.	 000000	001000 = 256.   words  (RW,I,GBL,ABS,OVR)
			$USRSW	000000	$RF2A1	000000	.VIR  	000000	
			.OHAND	000001	$NLCHN	000006	$HRDWR	000010	
			$WASIZ	000152	$LRECL	000210	
 $OHAND	 001000	000106 = 35.    words  (RW,I,GBL,REL,CON)
			$OVRH 	001002	O$READ	001024	O$DONE	001036	
			$ODF1 	001102	$ODF2 	001104	
 $OTABL	 001106	000100 = 32.    words  (RW,D,GBL,REL,OVR)
 OTS$I 	 001206	024614 = 5318.  words  (RW,I,LCL,REL,CON)
			$$OTSI	001206	AINT  	001206	$INTR 	001226	
			ALOG10	001244	ALOG  	001250	ATAN2 	001432	
			ATAN  	001542	$CVTDB	002000	$CVTDI	002000	
			$CVTCB	002014	$CVTCI	002014	CIC$  	002026	
			CLC$  	002026	CID$  	002036	CLD$  	002036	
			$DI   	002036	$CVTFB	002042	$CVTFI	002042	
			CIF$  	002054	CLF$  	002054	$RI   	002054	
			CIL$  	002066	CLI$  	002072	$CVTIC	002074	
			$CVTID	002074	CCI$  	002106	CDI$  	002106	
			$IC   	002106	$ID   	002106	$CVTIF	002112	
			CFI$  	002124	$IR   	002124	RCI$  	002136	
			GCO$  	003152	FCO$  	003160	ECO$  	003164	
			DCO$  	003172	EXP   	004114	ADF$IS	004340	
			ADF$PS	004354	ADF$MS	004366	$ADDF 	004376	
			ADF$SS	004410	$ADR  	004410	SUF$IS	004420	
			SUF$PS	004434	SUF$MS	004446	$SUBF 	004456	
			SUF$SS	004470	$SBR  	004470	DIF$MS	004502	
			DIF$PS	004506	DIF$IS	004514	$DIVF 	004522	
			DIF$SS	004534	$DVR  	004534	MUF$MS	004546	
			MUF$PS	004552	MUF$IS	004560	$MULF 	004566	
			MUF$SS	004600	$MLR  	004600	$OTI  	004636	
			$$OTI 	004640	$SETOP	005062	$$SET 	006670	
			COS   	007164	SIN   	007200	SQRT  	007370	
			ILR$  	007464	$ILR  	007470	$INITI	011056	
			ABS   	011174	AMIN1 	011212	MIN1  	011216	
			MAX1  	011222	AMAX1 	011234	AMOD  	011402	
			ASSIGN	011460	$CLOSE	012162	CLOSE 	012740	
			CMF$PS	012764	CMF$MS	012770	CMF$IS	013004	
			$CMPF 	013012	CMF$SS	013024	$CMR  	013024	
			CMF$PI	013036	CMF$MI	013042	CMF$II	013052	
			CMF$SI	013056	CMF$PP	013070	CMF$MP	013074	
			CMF$IP	013104	CMF$SP	013110	CMF$PM	013120	
			CMF$MM	013124	CMF$IM	013134	CMF$SM	013140	
			OCI$  	013172	ICI$  	013200	$ECI  	013214	
			OCO$  	013374	ICO$  	013402	LCI$  	013600	
			LCO$  	013646	$DUMPL	013706	$OPNER	014056	
			$CHKER	014114	$IOEXI	014140	$EOL  	014206	
			EOL$  	014210	$ERRTB	014360	$ERRS 	014465	
			$FCALL	020226	$FCHNL	020244	$FIO  	021106	
			$$FIO 	021112	$GETFI	022256	$GETRE	022314	
			$TTYIN	022370	IFR$  	022550	$IFR  	022554	
			$$IFR 	022560	IFR$$ 	022612	IFW$  	022634	
			$IFW  	022640	$$IFW 	022644	IFW$$ 	022702	
			ILW$  	022752	$ILW  	022756	TVS$  	023076	
			$TVS  	023100	$POPR4	023712	$POPR5	023712	
			$POPR3	023724	$PUTRE	023732	$PUTBL	024240	
RT-11 LINK  V08.04 	Load Map 	Tuesday 01-Oct-85 05:23  Page 2
MAP   .SAV   	Title:	.MAIN.	Ident:	FORV02	

			$GETBL	024450	$EOFIL	024634	$EOF2 	024650	
			SAVRG$	024670	THRD$ 	025046	SIGN  	025050	
			$STPS 	025100	STP$  	025106	$STP  	025106	
			FOO$  	025112	$EXIT 	025132	$OTIS 	025256	
			$$OTIS	025260	TVL$  	025400	$TVL  	025400	
			TVF$  	025406	$TVF  	025406	TVD$  	025414	
			$TVD  	025414	TVQ$  	025422	$TVQ  	025422	
			TVP$  	025430	$TVP  	025430	TVI$  	025436	
			$TVI  	025436	$WAIT 	025572	$XFF  	025634	
			XFF$  	025646	$VRINT	026010	
 OTS$P 	 026022	000054 = 22.    words  (RW,D,GBL,REL,OVR)
 SYS$I 	 026076	000000 = 0.     words  (RW,I,LCL,REL,CON)
 USER$I	 026076	000000 = 0.     words  (RW,I,LCL,REL,CON)
 $CODE 	 026076	015002 = 3329.  words  (RW,I,LCL,REL,CON)
			$$OTSC	026076	FRSTPT	027620	VECTOR	030146	
			ACOS  	030474	QCON  	031004	QVEC  	037362	
			SUPTRP	041366	
 OTS$O 	 043100	001140 = 304.   words  (RW,I,LCL,REL,CON)
			$$OTSO	043100	$OPEN 	043100	
 SYS$O 	 044240	000000 = 0.     words  (RW,I,LCL,REL,CON)
 $DATAP	 044240	000640 = 208.   words  (RW,D,LCL,REL,CON)
 OTS$D 	 045100	000006 = 3.     words  (RW,D,LCL,REL,CON)
			NHCLN$	045104	
 OTS$S 	 045106	000002 = 1.     words  (RW,D,LCL,REL,CON)
			$AOTS 	045106	
 SYS$S 	 045110	000000 = 0.     words  (RW,D,LCL,REL,CON)
 $DATA 	 045110	000564 = 186.   words  (RW,D,LCL,REL,CON)
 USER$D	 045674	000000 = 0.     words  (RW,D,LCL,REL,CON)
 .$$$$.	 045674	000000 = 0.     words  (RW,D,GBL,REL,OVR)
 PLOT  	 045674	000040 = 16.    words  (RW,D,GBL,REL,OVR)
 SUPMP1	 045734	000252 = 85.    words  (RW,D,GBL,REL,OVR)
 CSP   	 046206	020540 = 4272.  words  (RW,I,LCL,REL,CON)
			RDXY  	046206	CLRGR 	046224	MOVE  	046350	
			MOVERL	046404	SETPV 	046444	GCNTL 	047004	
			PNT   	047062	PNTRL 	047106	IRDPXL	047162	
			RDLINE	047262	WRTLN 	047340	VCGSEL	047412	
			CMAP  	047464	HLSMAP	047610	RGBRD 	050204	
			DRAWRL	050314	DRAW  	050374	VRSTRT	051766	
			VREND 	051770	VGCSRE	051772	CMAPR 	051774	
			STKLIM	051776	GCRS  	052644	CIRCLE	053522	
			CRCLRL	053566	ARCRL 	060024	ARC   	060136	
			PIE   	060202	PIERL 	060444	POLCT 	060514	
			POLY  	061376	POLYRL	061546	SCAN  	061716	
			SCANFL	062252	LINEFL	062350	LPATT 	062456	
			FPSEL 	062466	SETFPV	062706	FPDEF 	063006	
			GFILL 	064032	GFILRL	064056	CHRSEL	064654	
			CHSETI	065010	CHROUT	065042	STROUT	065110	
			CHGMAG	065760	RECT  	066012	RECTRL	066540	
			BOUND 	066610	
 CGDEF 	 066746	001556 = 439.   words  (RW,I,LCL,REL,CON)
			CHTABL	066746	CG2   	066752	
 SUPMP2	 070524	000012 = 5.     words  (RW,D,GBL,REL,OVR)
 Segment size = 070536 = 14511. words

Overlay region	€000001	Segment 000001
 OTS$I 	 070540	000000 = 0.     words  (RW,I,LCL,REL,CON)
 SYS$I 	 070540	000000 = 0.     words  (RW,I,LCL,REL,CON)
RT-11 LINK  V08.04 	Load Map 	Tuesday 01-Oct-85 05:23  Page 3
MAP   .SAV   	Title:	.MAIN.	Ident:	FORV02	

 USER$I	 070540	000000 = 0.     words  (RW,I,LCL,REL,CON)
 $CODE 	 070540	014304 = 3170.  words  (RW,I,LCL,REL,CON)
			SUPMAP@	070540	SET   	103572	VCG   	104526	
 OTS$O 	 105044	000000 = 0.     words  (RW,I,LCL,REL,CON)
 SYS$O 	 105044	000000 = 0.     words  (RW,I,LCL,REL,CON)
 $DATAP	 105044	000546 = 179.   words  (RW,D,LCL,REL,CON)
 OTS$D 	 105612	000000 = 0.     words  (RW,D,LCL,REL,CON)
 OTS$S 	 105612	000000 = 0.     words  (RW,D,LCL,REL,CON)
 SYS$S 	 105612	000000 = 0.     words  (RW,D,LCL,REL,CON)
 $DATA 	 105612	000456 = 151.   words  (RW,D,LCL,REL,CON)
 USER$D	 106270	000000 = 0.     words  (RW,D,LCL,REL,CON)
 Segment size = 015530 = 3500.  words

Overlay region	€000001	Segment 000002
 OTS$I 	 070540	000770 = 252.   words  (RW,I,LCL,REL,CON)
			IUR$  	070540	$IUR  	070544	IUW$  	070710	
			$IUW  	070714	
 SYS$I 	 071530	000000 = 0.     words  (RW,I,LCL,REL,CON)
 USER$I	 071530	000000 = 0.     words  (RW,I,LCL,REL,CON)
 $CODE 	 071530	002762 = 761.   words  (RW,I,LCL,REL,CON)
			MAPLOT@	071530	
 OTS$O 	 074512	000000 = 0.     words  (RW,I,LCL,REL,CON)
 SYS$O 	 074512	000000 = 0.     words  (RW,I,LCL,REL,CON)
 $DATAP	 074512	000172 = 61.    words  (RW,D,LCL,REL,CON)
 OTS$D 	 074704	000000 = 0.     words  (RW,D,LCL,REL,CON)
 OTS$S 	 074704	000000 = 0.     words  (RW,D,LCL,REL,CON)
 SYS$S 	 074704	000000 = 0.     words  (RW,D,LCL,REL,CON)
 $DATA 	 074704	001654 = 470.   words  (RW,D,LCL,REL,CON)
 USER$D	 076560	000000 = 0.     words  (RW,D,LCL,REL,CON)
 Segment size = 006020 = 1544.  words

Overlay region	€000001	Segment 000003
 OTS$I 	 070540	000064 = 26.    words  (RW,I,LCL,REL,CON)
			END$  	070540	ERR$  	070552	$END  	070564	
			$ERR  	070602	
 SYS$I 	 070624	000000 = 0.     words  (RW,I,LCL,REL,CON)
 USER$I	 070624	000000 = 0.     words  (RW,I,LCL,REL,CON)
 $CODE 	 070624	012470 = 2716.  words  (RW,I,LCL,REL,CON)
			MAPGRD@	070624	MAPLAB@	100212	POINT 	103120	
			PWRT  	103204	
 OTS$O 	 103314	000000 = 0.     words  (RW,I,LCL,REL,CON)
 SYS$O 	 103314	000000 = 0.     words  (RW,I,LCL,REL,CON)
 $DATAP	 103314	000470 = 156.   words  (RW,D,LCL,REL,CON)
 OTS$D 	 104004	000000 = 0.     words  (RW,D,LCL,REL,CON)
 OTS$S 	 104004	000000 = 0.     words  (RW,D,LCL,REL,CON)
 SYS$S 	 104004	000000 = 0.     words  (RW,D,LCL,REL,CON)
 $DATA 	 104004	000256 = 87.    words  (RW,D,LCL,REL,CON)
 USER$D	 104262	000000 = 0.     words  (RW,D,LCL,REL,CON)
 Segment size = 013522 = 2985.  words

Overlay region	€000001	Segment 000004
 OTS$I 	 070540	000000 = 0.     words  (RW,I,LCL,REL,CON)
 SYS$I 	 070540	000000 = 0.     words  (RW,I,LCL,REL,CON)
 USER$I	 070540	000000 = 0.     words  (RW,I,LCL,REL,CON)
 $CODE 	 070540	002430 = 652.   words  (RW,I,LCL,REL,CON)
			MAPLMB@	070540	PERIM 	072766	
 OTS$O 	 073170	000000 = 0.     words  (RW,I,LCL,REL,CON)
RT-11 LINK  V08.04 	Load Map 	Tuesday 01-Oct-85 05:23  Page 4
MAP   .SAV   	Title:	.MAIN.	Ident:	FORV02	

 SYS$O 	 073170	000000 = 0.     words  (RW,I,LCL,REL,CON)
 $DATAP	 073170	000116 = 39.    words  (RW,D,LCL,REL,CON)
 OTS$D 	 073306	000000 = 0.     words  (RW,D,LCL,REL,CON)
 OTS$S 	 073306	000000 = 0.     words  (RW,D,LCL,REL,CON)
 SYS$S 	 073306	000000 = 0.     words  (RW,D,LCL,REL,CON)
 $DATA 	 073306	000126 = 43.    words  (RW,D,LCL,REL,CON)
 USER$D	 073434	000000 = 0.     words  (RW,D,LCL,REL,CON)
 Segment size = 002674 = 734.   words


Transfer address = 026076, High limit = 106266 = 18011. words
                                                      RT-11 LINK  V08.04  Global Symbol Cross Reference Table  Page 1


$$FIO  $FIO#+  
$$IFR  $IFR#+  
$$IFW  $IFW#+  
$$OTI  .MAIN.   OTINIT#+
$$OTIS $SUBR#+  ACOS     FRSTPT   MAPGRD   MAPLAB   MAPLMB  
       MAPLOT   PERIM    POINT    PWRT     QCON    
       QVEC     SET      SUPMAP   SUPTRP  
       VCG      VECTOR  
$$OTSC .MAIN.# 
$$OTSI .MAIN.#  OTINIT+ 
$$OTSO .MAIN.# 
$$SET  $EOL+    OTINIT#+
$ADDF  $FADD#+  .MAIN.   FRSTPT   MAPGRD   MAPLAB   MAPLMB   MAPLOT  
       QCON     QVEC     SET      SUPMAP   SUPTRP   VECTOR  
$ADR   $FADD#+ 
$AOTS  $AOTS#+  $ASSIG+  $CLOSE+  $CMPF+   $CONV2+  $CONV3+  $ENDER+ 
       $EOL+    $FADD+   $FDIV+   $FIO+    $FMULS+  $GETFI+  $IFR+   
       $IFW+    $INITI+  $LISTI+  $LISTO+  $SAVRE+  $STOP+   $SUBR+  
       $UIO+    $VTRAN+  $XFF+    .MAIN.   ACOS     FRSTPT   MAPGRD  
       MAPLAB   MAPLMB   MAPLOT   OTINIT+  PERIM    POINT    PWRT    
       QCON     QVEC     SET      SUPMAP   SUPTRP   VCG      VECTOR  
$CHKER $CLOSE+  $EOL#+   $FIO+    $LISTI+  $LISTO+ 
$CLOSE $CLOSE#+ $CLS+    $EOL+    $IFR+    $IFW+    $LISTI+  $LISTO+ 
       $OPEN+   $UIO+   
$CMPF  $CMPF#+  MAPGRD   MAPLAB   MAPLMB   MAPLOT   QCON     QVEC    
       SET      SUPMAP   SUPTRP  
$CMR   $AMAX1+  $CMPF#+ 
$CVTCB $CONV2#+
$CVTCI $CONV2#+
$CVTDB $CONV2#+
$CVTDI $CONV2#+ $LISTI+ 
$CVTFB $CONV2#+
$CVTFI $CONV2#+ FRSTPT   MAPLMB   PERIM    VECTOR  
$CVTIC $CONV3#+
$CVTID $CONV3#+ $LISTI+ 
$CVTIF $CONV3#+ MAPGRD  
$DI    $CONV2#+
$DIVF  $FDIV#+  ACOS     FRSTPT   MAPGRD   QCON     SET      SUPMAP  
       SUPTRP   VECTOR  
$DUMPL $CLOSE+  $DUMPL#+
$DVR   $AMOD+   $FDIV#+ 
$ECI   $CONVF+  $CONVI#+
$END   $ENDER#+ MAPLAB  
$EOF2  $GETRE+  $RWBLK#+ $UIO+   
$EOFIL $RWBLK#+ $UIO+   
$EOL   $EOL#+   .MAIN.   MAPLAB   MAPLOT  
$ERR   $ENDER#+
$ERRS  ERRS#+   OTINIT+ 
$ERRTB ERRS#+   OTINIT+ 
$EXIT  $STOP#+  OTINIT+ 
$FCALL $FCALL#+ $XFF+   
$FCHNL $CLOSE+  $FCHNL#+ $GETFI+  $IFR+    $IFW+    $INITI+  $LISTI+ 
       $LISTO+  $UIO+   
$FIO   $FIO#+   $IFR+    $IFW+   
$GETBL $GETRE+  $RWBLK#+ $UIO+   
$GETFI $ASSIG+  $CLS+    $GETFI#+
$GETRE $GETRE#+ $IFR+    $LISTI+ 
RT-11 LINK  V08.04  Global Symbol Cross Reference Table  Page 2


$HRDWR OTINIT#+
$IC    $CONV3#+
$ID    $CONV3#+
$IFR   $IFR#+   .MAIN.   MAPLAB  
$IFW   $IFW#+   .MAIN.  
$ILR   $LISTI#+ .MAIN.  
$ILW   $LISTO#+ .MAIN.  
$INITI $IFR+    $IFW+    $INITI#+ $LISTI+  $LISTO+  $UIO+   
$INTR  $AINT#+  $AMOD+  
$IOEXI $EOL#+   $FIO+    $IFR+    $IFW+    $LISTI+  $LISTO+  $RWBLK+ 
       $UIO+    OTINIT+ 
$IR    $CONV3#+
$IUR   $UIO#+   MAPLOT  
$IUW   $UIO#+  
$LRECL .MAIN.#  OTINIT+ 
$MLR   $AMOD+   $FMULS#+ $XFF+   
$MULF  $FMULS#+ .MAIN.   ACOS     FRSTPT   MAPGRD   MAPLMB   MAPLOT  
       QCON     QVEC     SET      SUPMAP   SUPTRP   VECTOR  
$NLCHN .MAIN.#  OTINIT+ 
$ODF1  OHANDL#+
$ODF2  OHANDL#+
$OPEN  $CLS+    $IFR+    $IFW+    $INITI+  $LISTI+  $LISTO+  $OPEN#+ 
       $UIO+   
$OPNER $EOL#+   $OPEN+  
$OTI   OTINIT#+
$OTIS  $SUBR#+ 
$OVDF1 OHANDL+ 
$OVDF2 OHANDL+ 
$OVRH  OHANDL#+
$POPR3 $AMOD+   $POPR#+ 
$POPR4 $POPR#+ 
$POPR5 $POPR#+ 
$PUTBL $CLOSE+  $DUMPL+  $IFR+    $IFW+    $LISTI+  $LISTO+  $PUTRE+ 
       $RWBLK#+ $UIO+   
$PUTRE $IFW+    $LISTO+  $PUTRE#+
$RF2A1 .MAIN.# 
$RI    $AMAX1+  $CONV2#+
$SBR   $AMOD+   $FADD#+ 
$SETOP OTINIT#+
$STP   $STOP#+  OTINIT+ 
$STPS  $STOP#+ 
$SUBF  $FADD#+  .MAIN.   ACOS     FRSTPT   MAPGRD   MAPLAB   MAPLMB  
       MAPLOT   QCON     QVEC     SET      SUPMAP   SUPTRP   VECTOR  
$TTYIN $GETRE#+
$TVD   $VTRAN#+
$TVF   $VTRAN#+ .MAIN.   MAPLAB   MAPLOT  
$TVI   $VTRAN#+ .MAIN.   MAPLOT  
$TVL   $VTRAN#+ .MAIN.   MAPLAB  
$TVP   $VTRAN#+
$TVQ   $VTRAN#+
$TVS   $LISTO#+ .MAIN.  
$USRSW .MAIN.#  OTINIT+ 
$VRINT $NOVIR#+ OTINIT+ 
$WAIT  $CLOSE+  $IFR+    $IFW+    $LISTI+  $LISTO+  $OPEN+   $UIO+   
       WAIT#+  
$WASIZ OTINIT#+
$XFF   $XFF#+   QCON    
RT-11 LINK  V08.04  Global Symbol Cross Reference Table  Page 3


.OHAND OHANDL#+
.VIR   $NOVIR#+
ABS    $ABS#+   MAPGRD   QCON     SUPMAP  
ACOS   ACOS#    QCON    
ADF$IS $FADD#+ 
ADF$MS $FADD#+ 
ADF$PS $FADD#+ 
ADF$SS $FADD#+ 
AINT   $AINT#+  MAPGRD   MAPLMB  
ALOG   $ALOG#+  $XFF+    QCON     SUPMAP  
ALOG10 $ALOG#+ 
AMAX1  $AMAX1#+ MAPGRD   MAPLMB   MAPLOT   SUPMAP  
AMIN1  $AMAX1#+ MAPGRD   MAPLOT   SUPMAP  
AMOD   $AMOD#+  MAPGRD   QCON    
ARC    CSP2#   
ARCRL  CSP2#   
ASSIGN $ASSIG#+ .MAIN.   MAPLAB   MAPLOT  
ATAN   $ATAN#+  ACOS    
ATAN2  $ATAN#+  QCON     SUPMAP  
BOUND  CSP2#   
CCI$   $CONV3#+
CDI$   $CONV3#+
CFI$   $CONV3#+
CG2    CH2#     CHTABL  
CHGMAG CSP2#    VCG     
CHROUT CSP2#   
CHRSEL CSP2#    VCG     
CHSETI CSP2#   
CHTABL CHTABL#  CSP2    
CIC$   $CONV2#+
CID$   $CONV2#+
CIF$   $CONV2#+
CIL$   $CONV2#+
CIRCLE CSP2#   
CLC$   $CONV2#+
CLD$   $CONV2#+
CLF$   $CONV2#+
CLI$   $CONV2#+
CLOSE  $CLS#+   MAPLAB   MAPLOT  
CLRGR  CSP2#    VCG     
CMAP   CSP2#   
CMAPR  CSP2#   
CMF$II $CMPF#+ 
CMF$IM $CMPF#+ 
CMF$IP $CMPF#+ 
CMF$IS $CMPF#+ 
CMF$MI $CMPF#+ 
CMF$MM $CMPF#+ 
CMF$MP $CMPF#+ 
CMF$MS $CMPF#+ 
CMF$PI $CMPF#+ 
CMF$PM $CMPF#+ 
CMF$PP $CMPF#+ 
CMF$PS $CMPF#+ 
CMF$SI $CMPF#+ 
CMF$SM $CMPF#+ 
CMF$SP $CMPF#+ 
RT-11 LINK  V08.04  Global Symbol Cross Reference Table  Page 4


CMF$SS $CMPF#+ 
COS    $SIN#+   MAPGRD   QCON     SUPMAP  
CRCLRL CSP2#    POINT   
DCO$   $CONVF#+ $LISTI+ 
DIF$IS $FDIV#+ 
DIF$MS $FDIV#+ 
DIF$PS $FDIV#+ 
DIF$SS $FDIV#+ 
DRAW   CSP2#    VECTOR  
DRAWRL CSP2#   
ECO$   $CONVF#+ $LISTI+ 
END$   $ENDER#+
EOL$   $EOL#+  
ERR$   $ENDER#+
EXP    $EXP#+   $XFF+   
FCO$   $CONVF#+ $LISTI+  .MAIN.   MAPLAB  
FOO$   $STOP#+ 
FPDEF  CSP2#   
FPSEL  CSP2#    VCG     
FRSTPT FRSTPT#  MAPLAB   MAPLMB   POINT    PWRT     QVEC    
GCNTL  CSP2#   
GCO$   $CONVF#+ $LISTI+ 
GCRS   .MAIN.   CSP2#    VCG     
GFILL  CSP2#   
GFILRL CSP2#   
HLSMAP CSP2#    VCG     
ICI$   $CONVI#+ $LISTI+ 
ICO$   $CONVI#+ $LISTI+ 
IFR$   $IFR#+  
IFR$$  $IFR#+  
IFW$   $IFW#+  
IFW$$  $IFW#+  
ILR$   $LISTI#+
ILW$   $LISTO#+
IRDPXL CSP2#   
IUR$   $UIO#+  
IUW$   $UIO#+  
LCI$   $CONVL#+ $LISTI+ 
LCO$   $CONVL#+ $LISTI+ 
LINEFL CSP2#   
LPATT  .MAIN.   CSP2#   
MAPGRD .MAIN.   MAPGRD# 
MAPLAB .MAIN.   MAPLAB# 
MAPLMB .MAIN.   MAPLMB# 
MAPLOT .MAIN.   MAPLOT# 
MAX1   $AMAX1#+
MIN1   $AMAX1#+
MOVE   CSP2#    FRSTPT  
MOVERL CSP2#    PWRT    
MUF$IS $FMULS#+
MUF$MS $FMULS#+
MUF$PS $FMULS#+
MUF$SS $FMULS#+
NHCLN$ $FCHNL+  OTINIT#+
O$DONE OHANDL#+
O$READ OHANDL#+
OCI$   $CONVI#+ $LISTI+ 
RT-11 LINK  V08.04  Global Symbol Cross Reference Table  Page 5


OCO$   $CONVI#+ $LISTI+ 
PERIM  MAPLMB   PERIM#  
PIE    CSP2#   
PIERL  CSP2#   
PNT    CSP2#   
PNTRL  CSP2#   
POINT  MAPLAB   POINT#  
POLCT  CSP2#   
POLY   CSP2#   
POLYRL CSP2#   
PWRT   MAPLAB   PWRT#   
QCON   MAPGRD   MAPLAB   MAPLOT   QCON#    QVEC     SUPMAP  
QVEC   MAPGRD   MAPLMB   MAPLOT   QVEC#   
RCI$   $CONVF#+ $LISTI+ 
RDLINE CSP2#   
RDXY   CSP2#   
RECT   CSP2#    PERIM   
RECTRL CSP2#   
RGBRD  CSP2#   
SAVRG$ $IFR+    $IFW+    $LISTI+  $LISTO+  $SAVRE#+ $UIO+   
SCAN   CSP2#   
SCANFL CSP2#   
SET    SET#     SUPMAP  
SETFPV CSP2#    VCG     
SETPV  .MAIN.   CSP2#    VCG     
SIGN   $SIGN#+  MAPGRD   SUPMAP  
SIN    $SIN#+   QCON     SUPMAP  
SQRT   $SQRT#+  ACOS     QCON     SUPMAP  
STKLIM CSP2#   
STP$   $STOP#+ 
STROUT CSP2#    PWRT    
SUF$IS $FADD#+ 
SUF$MS $FADD#+ 
SUF$PS $FADD#+ 
SUF$SS $FADD#+ 
SUPMAP .MAIN.   SUPMAP# 
SUPTRP QVEC     SUPTRP# 
THRD$  $IFR+    $IFW+    $LISTI+  $LISTO+  $SAVRE#+ $UIO+   
TVD$   $VTRAN#+
TVF$   $VTRAN#+
TVI$   $VTRAN#+
TVL$   $VTRAN#+
TVP$   $VTRAN#+
TVQ$   $VTRAN#+
TVS$   $LISTO#+
VCG    SET      VCG#    
VCGSEL CSP2#   
VECTOR MAPLMB   QVEC     VECTOR# 
VGCSRE CSP2#   
VREND  CSP2#   
VRSTRT CSP2#   
WRTLN  CSP2#   
XFF$   $XFF#+  
                                                                                                                                                                                                                                      